// Jest Snapshot v1, https://goo.gl/fbAQLP

exports[`Should render an individual expense 1`] = `
<Link
  className="list-item"
  replace={false}
  to="/edit/1"
>
  <div>
    <h3
      className="list-item__title"
    >
      Gum
    </h3>
    <span
      className="list-item__sub-title"
    >
      January 01, 1970
    </span>
  </div>
  <h3
    className="list-item__data"
  >
    $195.11
  </h3>
</Link>
`;
